// Jest Snapshot v1, https://goo.gl/fbAQLP

exports[`App snapShot  1`] = `
<View
  style={
    {
      "alignItems": "center",
      "flex": 0.5,
      "justifyContent": "center",
    }
  }
>
  <Text>
    App screen ad
  </Text>
</View>
`;
